
https://github.com/EncompassingResidential/John-Twitter-EMitter.git

git remote add origin "https://github.com/EncompassingResidential/John-Twitter-EMitter.git"
git remote -v

git push and pull didn't work

PS C:\Users\johnc\Documents\Computer\SDMM\John-Twitter-EMitter> git status remote
On branch main
nothing to commit, working tree clean

PS C:\Users\johnc\Documents\Computer\SDMM\John-Twitter-EMitter> git status
On branch main
Untracked files:
  (use "git add <file>..." to include in what will be committed)
	commands used.txt

nothing added to commit but untracked files present (use "git add" to track)

PS C:\Users\johnc\Documents\Computer\SDMM\John-Twitter-EMitter> git push
git : fatal: The current branch main has no upstream branch.
At line:1 char:1
+ git push
+ ~~~~~~~~
    + CategoryInfo          : NotSpecified: (fatal: The curr...pstream branch.:String) [], RemoteException
    + FullyQualifiedErrorId : NativeCommandError
 
To push the current branch and set the remote as upstream, use
    git push --set-upstream origin main


git stated use 

git push --set-upstream origin main
and 
git push origin :
and
git push origin HEAD

All didn't work

Found in git-pull

file:///C:/Program%20Files/Git/mingw64/share/doc/git-doc/git-pull.html

--allow-unrelated-histories

John-Twitter-EMitter> git pull --allow-unrelated-histories origin main
git : From https://github.com/EncompassingResidential/John-Twitter-EMitter
At line:1 char:1
+ git pull --allow-unrelated-histories origin main
+ ~~~~~~~~~~~~~~~~~~~~~~~~~~~~~~~~~~~~~~~~~~~~~~~~
    + CategoryInfo          : NotSpecified: (From https://gi...Twitter-EMitter:String) [], RemoteException
    + FullyQualifiedErrorId : NativeCommandError
 
 * branch            main       -> FETCH_HEAD
Merge made by the 'ort' strategy.
 .github/workflows/main_john-twitter-emitter.yml |  57 ++
 LICENSE                                         | 674 ++++++++++++++++++++++++
 README.md                                       |   2 +
 3 files changed, 733 insertions(+)
 create mode 100644 .github/workflows/main_john-twitter-emitter.yml
 create mode 100644 LICENSE
 create mode 100644 README.md

Looks like it did the trick.


Still needed to do `git push --set-upstream origin main`

PS C:\Users\johnc\Documents\Computer\SDMM\John-Twitter-EMitter> git push
fatal: The current branch main has no upstream branch.
To push the current branch and set the remote as upstream, use

    git push --set-upstream origin main

PS C:\Users\johnc\Documents\Computer\SDMM\John-Twitter-EMitter> git push --set-upstream origin main
Enumerating objects: 12, done.
Counting objects: 100% (12/12), done.
Delta compression using up to 4 threads
Compressing objects: 100% (11/11), done.
Writing objects: 100% (11/11), 3.42 KiB | 233.00 KiB/s, done.
Total 11 (delta 1), reused 0 (delta 0), pack-reused 0
remote: Resolving deltas: 100% (1/1), done.
To https://github.com/EncompassingResidential/John-Twitter-EMitter.git
   aaf5edc..acb3741  main -> main
branch 'main' set up to track 'origin/main'.


# To create React App

PS C:\Users\johnc\Documents\Computer\SDMM\John-Twitter-EMitter> npx create-react-app@latest twitter-emitter-client

Creating a new React app in C:\Users\johnc\Documents\Computer\SDMM\John-Twitter-EMitter\twitter-emitter-client.

Success! Created twitter-emitter-client at C:\Users\johnc\Documents\Computer\SDMM\John-Twitter-EMitter\twitter-emitter-client
Inside that directory, you can run several commands:

  npm start
    Starts the development server.

  npm run build
    Bundles the app into static files for production.

  npm test
    Starts the test runner.

  npm run eject
    Removes this tool and copies build dependencies, configuration files
    and scripts into the app directory. If you do this, you can’t go back!

We suggest that you begin by typing:

  cd twitter-emitter-client
  npm start

Happy hacking!

# C# Sharp

To run C# from Visual Studio Code (VS Code)

This was .NET 5, I am using .NET 6.
https://www.softwarepronto.com/2021/01/visual-studio-code-creating-cwebapi.html

dotnet --version

cd C:\Users\johnc\Documents\Computer\SDMM\John-Twitter-EMitter

dotnet new webapi --name twitter-emitter-server

create C:\Users\johnc\Documents\Computer\SDMM\John-Twitter-EMitter\twitter-emitter-server

PS C:\Users\johnc\Documents\Computer\SDMM\John-Twitter-EMitter\twitter-emitter-server> dotnet --help
.NET SDK (6.0.202)
Usage: dotnet [runtime-options] [path-to-application] [arguments]

Execute a .NET application.

runtime-options:
  --additionalprobingpath <path>   Path containing probing policy and assemblies to probe for.
  --additional-deps <path>         Path to additional deps.json file.
  --depsfile                       Path to <application>.deps.json file.
  --fx-version <version>           Version of the installed Shared Framework to use to run the application.
  --roll-forward <setting>         Roll forward to framework version  (LatestPatch, Minor, LatestMinor, Major, LatestMajor, Disable).
  --runtimeconfig                  Path to <application>.runtimeconfig.json file.

path-to-application:
  The path to an application .dll file to execute.

Usage: dotnet [sdk-options] [command] [command-options] [arguments]

Execute a .NET SDK command.

sdk-options:
  -d|--diagnostics  Enable diagnostic output.
  -h|--help         Show command line help.
  --info            Display .NET information.
  --list-runtimes   Display the installed runtimes.
  --list-sdks       Display the installed SDKs.
  --version         Display .NET SDK version in use.

SDK commands:
  add               Add a package or reference to a .NET project.
  build             Build a .NET project.
  build-server      Interact with servers started by a build.
  clean             Clean build outputs of a .NET project.
  format            Apply style preferences to a project or solution.
  help              Show command line help.
  list              List project references of a .NET project.
  msbuild           Run Microsoft Build Engine (MSBuild) commands.
  new               Create a new .NET project or file.
  nuget             Provides additional NuGet commands.
  pack              Create a NuGet package.
  publish           Publish a .NET project for deployment.
  remove            Remove a package or reference from a .NET project.
  restore           Restore dependencies specified in a .NET project.
  run               Build and run a .NET project output.
  sdk               Manage .NET SDK installation.
  sln               Modify Visual Studio solution files.
  store             Store the specified assemblies in the runtime package store.
  test              Run unit tests using the test runner specified in a .NET project.
  tool              Install or manage tools that extend the .NET experience.
  vstest            Run Microsoft Test Engine (VSTest) commands.
  workload          Manage optional workloads.

Additional commands from bundled tools:
  dev-certs         Create and manage development certificates.
  fsi               Start F# Interactive / execute F# scripts.
  sql-cache         SQL Server cache command-line tools.
  user-secrets      Manage development user secrets.
  watch             Start a file watcher that runs a command when files change.

Run 'dotnet [command] --help' for more information on a command.